// Jest Snapshot v1, https://goo.gl/fbAQLP

exports[`Home renders correctly 1`] = `
<div
  className="Home"
>
  <h2>
    This is Home component
  </h2>
</div>
`;
