// Jest Snapshot v1, https://goo.gl/fbAQLP

exports[`NotFound renders correctly 1`] = `
<div
  className="NotFound"
>
  <h2>
    This is NotFound component
  </h2>
</div>
`;
