// Jest Snapshot v1, https://goo.gl/fbAQLP

exports[`Home renders snapshot 1`] = `
<div
  className="Home"
>
  <h2>
    This is Home component
  </h2>
  <hr />
  <Connect(Counter) />
</div>
`;
