// Jest Snapshot v1, https://goo.gl/fbAQLP

exports[`AppLayout renders snapshot 1`] = `
<div
  className="AppLayout-root-1"
>
  <withRouter(WithStyles(AppHeader)) />
  <WithStyles(AppRoutes) />
  <WithStyles(AppFooter) />
</div>
`;
