// Jest Snapshot v1, https://goo.gl/fbAQLP

exports[`AppMenu renders correctly 1`] = `
<ul
  aria-activedescendant=""
  className="ant-menu ant-menu-light ant-menu-root ant-menu-horizontal"
  onKeyDown={[Function]}
  role="menu"
  style={Object {}}
  tabIndex="0"
>
  <li
    aria-disabled={undefined}
    aria-selected={true}
    className="ant-menu-item ant-menu-item-selected"
    onClick={[Function]}
    onMouseEnter={[Function]}
    onMouseLeave={[Function]}
    role="menuitem"
    style={Object {}}
    title={undefined}
  >
    <a
      href="/"
      onClick={[Function]}
    >
      <i
        className="anticon anticon-app"
      />
      Main Page
    </a>
  </li>
  <li
    aria-disabled={undefined}
    aria-selected={false}
    className="ant-menu-item"
    onClick={[Function]}
    onMouseEnter={[Function]}
    onMouseLeave={[Function]}
    role="menuitem"
    style={Object {}}
    title={undefined}
  >
    <a
      href="/home"
      onClick={[Function]}
    >
      <i
        className="anticon anticon-app"
      />
      Home
    </a>
  </li>
  <li
    aria-disabled={undefined}
    aria-selected={false}
    className="ant-menu-item"
    onClick={[Function]}
    onMouseEnter={[Function]}
    onMouseLeave={[Function]}
    role="menuitem"
    style={Object {}}
    title={undefined}
  >
    <a
      href="/about"
      onClick={[Function]}
    >
      <i
        className="anticon anticon-app"
      />
      About
    </a>
  </li>
  <li
    aria-disabled={undefined}
    aria-selected={false}
    className="ant-menu-item"
    onClick={[Function]}
    onMouseEnter={[Function]}
    onMouseLeave={[Function]}
    role="menuitem"
    style={Object {}}
    title={undefined}
  >
    <a
      href="/time"
      onClick={[Function]}
    >
      <i
        className="anticon anticon-app"
      />
      Time
    </a>
  </li>
  <li
    aria-disabled={undefined}
    aria-selected={false}
    className="ant-menu-item"
    onClick={[Function]}
    onMouseEnter={[Function]}
    onMouseLeave={[Function]}
    role="menuitem"
    style={Object {}}
    title={undefined}
  >
    <a
      href="/404"
      onClick={[Function]}
    >
      <i
        className="anticon anticon-app"
      />
      404
    </a>
  </li>
</ul>
`;
