// Jest Snapshot v1, https://goo.gl/fbAQLP

exports[`AppFooter renders correctly 1`] = `
<div
  className="MuiPaper-root-2 MuiPaper-shadow2-6 MuiPaper-rounded-3 AppFooter-root-1"
>
  Shardis Â©2018
</div>
`;
